Archive member included to satisfy reference by file (symbol)

C:/ST/STM32CubeIDE_1.17.0/STM32CubeIDE/plugins/com.st.stm32cube.ide.mcu.externaltools.gnu-tools-for-stm32.12.3.rel1.win32_1.1.0.202410251130/tools/bin/../lib/gcc/arm-none-eabi/12.3.1/../../../../arm-none-eabi/lib/thumb/v7-m/nofp\libc_nano.a(libc_a-exit.o)
                              C:/ST/STM32CubeIDE_1.17.0/STM32CubeIDE/plugins/com.st.stm32cube.ide.mcu.externaltools.gnu-tools-for-stm32.12.3.rel1.win32_1.1.0.202410251130/tools/bin/../lib/gcc/arm-none-eabi/12.3.1/../../../../arm-none-eabi/lib/thumb/v7-m/nofp/crt0.o (exit)
C:/ST/STM32CubeIDE_1.17.0/STM32CubeIDE/plugins/com.st.stm32cube.ide.mcu.externaltools.gnu-tools-for-stm32.12.3.rel1.win32_1.1.0.202410251130/tools/bin/../lib/gcc/arm-none-eabi/12.3.1/../../../../arm-none-eabi/lib/thumb/v7-m/nofp\libc_nano.a(libc_a-findfp.o)
                              C:/ST/STM32CubeIDE_1.17.0/STM32CubeIDE/plugins/com.st.stm32cube.ide.mcu.externaltools.gnu-tools-for-stm32.12.3.rel1.win32_1.1.0.202410251130/tools/bin/../lib/gcc/arm-none-eabi/12.3.1/../../../../arm-none-eabi/lib/thumb/v7-m/nofp\libc_nano.a(libc_a-exit.o) (__stdio_exit_handler)
C:/ST/STM32CubeIDE_1.17.0/STM32CubeIDE/plugins/com.st.stm32cube.ide.mcu.externaltools.gnu-tools-for-stm32.12.3.rel1.win32_1.1.0.202410251130/tools/bin/../lib/gcc/arm-none-eabi/12.3.1/../../../../arm-none-eabi/lib/thumb/v7-m/nofp\libc_nano.a(libc_a-fwalk.o)
                              C:/ST/STM32CubeIDE_1.17.0/STM32CubeIDE/plugins/com.st.stm32cube.ide.mcu.externaltools.gnu-tools-for-stm32.12.3.rel1.win32_1.1.0.202410251130/tools/bin/../lib/gcc/arm-none-eabi/12.3.1/../../../../arm-none-eabi/lib/thumb/v7-m/nofp\libc_nano.a(libc_a-findfp.o) (_fwalk_sglue)
C:/ST/STM32CubeIDE_1.17.0/STM32CubeIDE/plugins/com.st.stm32cube.ide.mcu.externaltools.gnu-tools-for-stm32.12.3.rel1.win32_1.1.0.202410251130/tools/bin/../lib/gcc/arm-none-eabi/12.3.1/../../../../arm-none-eabi/lib/thumb/v7-m/nofp\libc_nano.a(libc_a-stdio.o)
                              C:/ST/STM32CubeIDE_1.17.0/STM32CubeIDE/plugins/com.st.stm32cube.ide.mcu.externaltools.gnu-tools-for-stm32.12.3.rel1.win32_1.1.0.202410251130/tools/bin/../lib/gcc/arm-none-eabi/12.3.1/../../../../arm-none-eabi/lib/thumb/v7-m/nofp\libc_nano.a(libc_a-findfp.o) (__sread)
C:/ST/STM32CubeIDE_1.17.0/STM32CubeIDE/plugins/com.st.stm32cube.ide.mcu.externaltools.gnu-tools-for-stm32.12.3.rel1.win32_1.1.0.202410251130/tools/bin/../lib/gcc/arm-none-eabi/12.3.1/../../../../arm-none-eabi/lib/thumb/v7-m/nofp\libc_nano.a(libc_a-memset.o)
                              C:/ST/STM32CubeIDE_1.17.0/STM32CubeIDE/plugins/com.st.stm32cube.ide.mcu.externaltools.gnu-tools-for-stm32.12.3.rel1.win32_1.1.0.202410251130/tools/bin/../lib/gcc/arm-none-eabi/12.3.1/../../../../arm-none-eabi/lib/thumb/v7-m/nofp/crt0.o (memset)
C:/ST/STM32CubeIDE_1.17.0/STM32CubeIDE/plugins/com.st.stm32cube.ide.mcu.externaltools.gnu-tools-for-stm32.12.3.rel1.win32_1.1.0.202410251130/tools/bin/../lib/gcc/arm-none-eabi/12.3.1/../../../../arm-none-eabi/lib/thumb/v7-m/nofp\libc_nano.a(libc_a-closer.o)
                              C:/ST/STM32CubeIDE_1.17.0/STM32CubeIDE/plugins/com.st.stm32cube.ide.mcu.externaltools.gnu-tools-for-stm32.12.3.rel1.win32_1.1.0.202410251130/tools/bin/../lib/gcc/arm-none-eabi/12.3.1/../../../../arm-none-eabi/lib/thumb/v7-m/nofp\libc_nano.a(libc_a-stdio.o) (_close_r)
C:/ST/STM32CubeIDE_1.17.0/STM32CubeIDE/plugins/com.st.stm32cube.ide.mcu.externaltools.gnu-tools-for-stm32.12.3.rel1.win32_1.1.0.202410251130/tools/bin/../lib/gcc/arm-none-eabi/12.3.1/../../../../arm-none-eabi/lib/thumb/v7-m/nofp\libc_nano.a(libc_a-reent.o)
                              C:/ST/STM32CubeIDE_1.17.0/STM32CubeIDE/plugins/com.st.stm32cube.ide.mcu.externaltools.gnu-tools-for-stm32.12.3.rel1.win32_1.1.0.202410251130/tools/bin/../lib/gcc/arm-none-eabi/12.3.1/../../../../arm-none-eabi/lib/thumb/v7-m/nofp\libc_nano.a(libc_a-closer.o) (errno)
C:/ST/STM32CubeIDE_1.17.0/STM32CubeIDE/plugins/com.st.stm32cube.ide.mcu.externaltools.gnu-tools-for-stm32.12.3.rel1.win32_1.1.0.202410251130/tools/bin/../lib/gcc/arm-none-eabi/12.3.1/../../../../arm-none-eabi/lib/thumb/v7-m/nofp\libc_nano.a(libc_a-impure.o)
                              C:/ST/STM32CubeIDE_1.17.0/STM32CubeIDE/plugins/com.st.stm32cube.ide.mcu.externaltools.gnu-tools-for-stm32.12.3.rel1.win32_1.1.0.202410251130/tools/bin/../lib/gcc/arm-none-eabi/12.3.1/../../../../arm-none-eabi/lib/thumb/v7-m/nofp\libc_nano.a(libc_a-reent.o) (_impure_ptr)
C:/ST/STM32CubeIDE_1.17.0/STM32CubeIDE/plugins/com.st.stm32cube.ide.mcu.externaltools.gnu-tools-for-stm32.12.3.rel1.win32_1.1.0.202410251130/tools/bin/../lib/gcc/arm-none-eabi/12.3.1/../../../../arm-none-eabi/lib/thumb/v7-m/nofp\libc_nano.a(libc_a-lseekr.o)
[...]
Memory Configuration

Name             Origin             Length             Attributes
RAM              0x20000000         0x00005000         xrw
FLASH            0x08000000         0x00010000         xr
*default*        0x00000000         0xffffffff

Linker script and memory map

LOAD C:/ST/STM32CubeIDE_1.17.0/STM32CubeIDE/plugins/com.st.stm32cube.ide.mcu.externaltools.gnu-tools-for-stm32.12.3.rel1.win32_1.1.0.202410251130/tools/bin/../lib/gcc/arm-none-eabi/12.3.1/thumb/v7-m/nofp/crti.o
LOAD C:/ST/STM32CubeIDE_1.17.0/STM32CubeIDE/plugins/com.st.stm32cube.ide.mcu.externaltools.gnu-tools-for-stm32.12.3.rel1.win32_1.1.0.202410251130/tools/bin/../lib/gcc/arm-none-eabi/12.3.1/thumb/v7-m/nofp/crtbegin.o
LOAD C:/ST/STM32CubeIDE_1.17.0/STM32CubeIDE/plugins/com.st.stm32cube.ide.mcu.externaltools.gnu-tools-for-stm32.12.3.rel1.win32_1.1.0.202410251130/tools/bin/../lib/gcc/arm-none-eabi/12.3.1/../../../../arm-none-eabi/lib/thumb/v7-m/nofp/crt0.o
LOAD ./Core/Src/dma.o
LOAD ./Core/Src/gpio.o
LOAD ./Core/Src/hardware.o
LOAD ./Core/Src/i2c.o
LOAD ./Core/Src/main.o
LOAD ./Core/Src/spi.o
LOAD ./Core/Src/stm32f1xx_hal_msp.o
LOAD ./Core/Src/stm32f1xx_it.o
LOAD ./Core/Src/syscalls.o
LOAD ./Core/Src/sysmem.o
LOAD ./Core/Src/system_stm32f1xx.o
LOAD ./Core/Src/tim.o
LOAD ./Core/Src/timer.o
LOAD ./Core/Src/usart.o
LOAD ./Core/Startup/startup_stm32f103c8tx.o
LOAD ./Drivers/STM32F1xx_HAL_Driver/Src/stm32f1xx_hal.o
LOAD ./Drivers/STM32F1xx_HAL_Driver/Src/stm32f1xx_hal_cortex.o
LOAD ./Drivers/STM32F1xx_HAL_Driver/Src/stm32f1xx_hal_dma.o
LOAD ./Drivers/STM32F1xx_HAL_Driver/Src/stm32f1xx_hal_exti.o
LOAD ./Drivers/STM32F1xx_HAL_Driver/Src/stm32f1xx_hal_flash.o
LOAD ./Drivers/STM32F1xx_HAL_Driver/Src/stm32f1xx_hal_flash_ex.o
LOAD ./Drivers/STM32F1xx_HAL_Driver/Src/stm32f1xx_hal_gpio.o
LOAD ./Drivers/STM32F1xx_HAL_Driver/Src/stm32f1xx_hal_gpio_ex.o
LOAD ./Drivers/STM32F1xx_HAL_Driver/Src/stm32f1xx_hal_i2c.o
LOAD ./Drivers/STM32F1xx_HAL_Driver/Src/stm32f1xx_hal_pwr.o
LOAD ./Drivers/STM32F1xx_HAL_Driver/Src/stm32f1xx_hal_rcc.o
LOAD ./Drivers/STM32F1xx_HAL_Driver/Src/stm32f1xx_hal_rcc_ex.o
LOAD ./Drivers/STM32F1xx_HAL_Driver/Src/stm32f1xx_hal_spi.o
LOAD ./Drivers/STM32F1xx_HAL_Driver/Src/stm32f1xx_hal_tim.o
LOAD ./Drivers/STM32F1xx_HAL_Driver/Src/stm32f1xx_hal_tim_ex.o
LOAD ./Drivers/STM32F1xx_HAL_Driver/Src/stm32f1xx_hal_uart.o
START GROUP
LOAD C:/ST/STM32CubeIDE_1.17.0/STM32CubeIDE/plugins/com.st.stm32cube.ide.mcu.externaltools.gnu-tools-for-stm32.12.3.rel1.win32_1.1.0.202410251130/tools/bin/../lib/gcc/arm-none-eabi/12.3.1/../../../../arm-none-eabi/lib/thumb/v7-m/nofp\libc_nano.a
LOAD C:/ST/STM32CubeIDE_1.17.0/STM32CubeIDE/plugins/com.st.stm32cube.ide.mcu.externaltools.gnu-tools-for-stm32.12.3.rel1.win32_1.1.0.202410251130/tools/bin/../lib/gcc/arm-none-eabi/12.3.1/../../../../arm-none-eabi/lib/thumb/v7-m/nofp\libm.a
END GROUP
START GROUP
LOAD C:/ST/STM32CubeIDE_1.17.0/STM32CubeIDE/plugins/com.st.stm32cube.ide.mcu.externaltools.gnu-tools-for-stm32.12.3.rel1.win32_1.1.0.202410251130/tools/bin/../lib/gcc/arm-none-eabi/12.3.1/thumb/v7-m/nofp\libgcc.a
LOAD C:/ST/STM32CubeIDE_1.17.0/STM32CubeIDE/plugins/com.st.stm32cube.ide.mcu.externaltools.gnu-tools-for-stm32.12.3.rel1.win32_1.1.0.202410251130/tools/bin/../lib/gcc/arm-none-eabi/12.3.1/../../../../arm-none-eabi/lib/thumb/v7-m/nofp\libc_nano.a
END GROUP
START GROUP
LOAD C:/ST/STM32CubeIDE_1.17.0/STM32CubeIDE/plugins/com.st.stm32cube.ide.mcu.externaltools.gnu-tools-for-stm32.12.3.rel1.win32_1.1.0.202410251130/tools/bin/../lib/gcc/arm-none-eabi/12.3.1/thumb/v7-m/nofp\libgcc.a
LOAD C:/ST/STM32CubeIDE_1.17.0/STM32CubeIDE/plugins/com.st.stm32cube.ide.mcu.externaltools.gnu-tools-for-stm32.12.3.rel1.win32_1.1.0.202410251130/tools/bin/../lib/gcc/arm-none-eabi/12.3.1/../../../../arm-none-eabi/lib/thumb/v7-m/nofp\libc_nano.a
LOAD C:/ST/STM32CubeIDE_1.17.0/STM32CubeIDE/plugins/com.st.stm32cube.ide.mcu.externaltools.gnu-tools-for-stm32.12.3.rel1.win32_1.1.0.202410251130/tools/bin/../lib/gcc/arm-none-eabi/12.3.1/../../../../arm-none-eabi/lib/thumb/v7-m/nofp\libnosys.a
END GROUP
START GROUP
LOAD C:/ST/STM32CubeIDE_1.17.0/STM32CubeIDE/plugins/com.st.stm32cube.ide.mcu.externaltools.gnu-tools-for-stm32.12.3.rel1.win32_1.1.0.202410251130/tools/bin/../lib/gcc/arm-none-eabi/12.3.1/thumb/v7-m/nofp\libgcc.a
LOAD C:/ST/STM32CubeIDE_1.17.0/STM32CubeIDE/plugins/com.st.stm32cube.ide.mcu.externaltools.gnu-tools-for-stm32.12.3.rel1.win32_1.1.0.202410251130/tools/bin/../lib/gcc/arm-none-eabi/12.3.1/../../../../arm-none-eabi/lib/thumb/v7-m/nofp\libc_nano.a
LOAD C:/ST/STM32CubeIDE_1.17.0/STM32CubeIDE/plugins/com.st.stm32cube.ide.mcu.externaltools.gnu-tools-for-stm32.12.3.rel1.win32_1.1.0.202410251130/tools/bin/../lib/gcc/arm-none-eabi/12.3.1/../../../../arm-none-eabi/lib/thumb/v7-m/nofp\libnosys.a
END GROUP
LOAD C:/ST/STM32CubeIDE_1.17.0/STM32CubeIDE/plugins/com.st.stm32cube.ide.mcu.externaltools.gnu-tools-for-stm32.12.3.rel1.win32_1.1.0.202410251130/tools/bin/../lib/gcc/arm-none-eabi/12.3.1/thumb/v7-m/nofp/crtend.o
LOAD C:/ST/STM32CubeIDE_1.17.0/STM32CubeIDE/plugins/com.st.stm32cube.ide.mcu.externaltools.gnu-tools-for-stm32.12.3.rel1.win32_1.1.0.202410251130/tools/bin/../lib/gcc/arm-none-eabi/12.3.1/thumb/v7-m/nofp/crtn.o
                0x20005000                        _estack = (ORIGIN (RAM) + LENGTH (RAM))
                0x00000200                        _Min_Heap_Size = 0x200
                0x00000400                        _Min_Stack_Size = 0x400

.isr_vector     0x08000000      0x10c
                0x08000000                        . = ALIGN (0x4)
 *(.isr_vector)
 .isr_vector    0x08000000      0x10c ./Core/Startup/startup_stm32f103c8tx.o
                0x08000000                g_pfnVectors
                0x0800010c                        . = ALIGN (0x4)

.text           0x0800010c     0x43e0
                0x0800010c                        . = ALIGN (0x4)
 *(.text)
 .text          0x0800010c       0x40 C:/ST/STM32CubeIDE_1.17.0/STM32CubeIDE/plugins/com.st.stm32cube.ide.mcu.externaltools.gnu-tools-for-stm32.12.3.rel1.win32_1.1.0.202410251130/tools/bin/../lib/gcc/arm-none-eabi/12.3.1/thumb/v7-m/nofp/crtbegin.o
 *(.text*)
 .text.MX_DMA_Init
                0x0800014c       0x3c ./Core/Src/dma.o
                0x0800014c                MX_DMA_Init
 .text.MX_GPIO_Init
                0x08000188       0xc4 ./Core/Src/gpio.o
                0x08000188                MX_GPIO_Init
 .text.BKIT_COM_HW_Init
                0x0800024c       0xe8 ./Core/Src/hardware.o
                0x0800024c                BKIT_COM_HW_Init
 .text.BKIT_COM_HW_Receive
                0x08000334      0x100 ./Core/Src/hardware.o
                0x08000334                BKIT_COM_HW_Receive
 .text.BKIT_COM_HW_Send
                0x08000434      0x10c ./Core/Src/hardware.o
                0x08000434                BKIT_COM_HW_Send
 .text.HAL_UART_RxCpltCallback
                0x08000540       0x64 ./Core/Src/hardware.o
                0x08000540                HAL_UART_RxCpltCallback
 .text.HAL_SPI_TxRxCpltCallback
                0x080005a4       0x94 ./Core/Src/hardware.o
                0x080005a4                HAL_SPI_TxRxCpltCallback
 .text.MX_I2C1_Init
                0x08000638       0x5c ./Core/Src/i2c.o
                0x08000638                MX_I2C1_Init
 .text.HAL_I2C_MspInit
                0x08000694       0x7c ./Core/Src/i2c.o
                0x08000694                HAL_I2C_MspInit
 .text.main     0x08000710       0x88 ./Core/Src/main.o
                0x08000710                main
 .text.SystemClock_Config
                0x08000798       0x82 ./Core/Src/main.o
                0x08000798                SystemClock_Config
 .text.Error_Handler
                0x0800081a        0xc ./Core/Src/main.o
                0x0800081a                Error_Handler
 *fill*         0x08000826        0x2 
 .text.MX_SPI1_Init
                0x08000828       0x64 ./Core/Src/spi.o
                0x08000828                MX_SPI1_Init
 .text.MX_SPI2_Init
                0x0800088c       0x6c ./Core/Src/spi.o
                0x0800088c                MX_SPI2_Init
 .text.HAL_SPI_MspInit
                0x080008f8      0x180 ./Core/Src/spi.o
                0x080008f8                HAL_SPI_MspInit
 .text.HAL_MspInit
                0x08000a78       0x64 ./Core/Src/stm32f1xx_hal_msp.o
                0x08000a78                HAL_MspInit
 .text.NMI_Handler
                0x08000adc        0x8 ./Core/Src/stm32f1xx_it.o
                0x08000adc                NMI_Handler
 .text.HardFault_Handler
                0x08000ae4        0x8 ./Core/Src/stm32f1xx_it.o
                0x08000ae4                HardFault_Handler
 .text.MemManage_Handler
                0x08000aec        0x8 ./Core/Src/stm32f1xx_it.o
                0x08000aec                MemManage_Handler
 .text.BusFault_Handler
                0x08000af4        0x8 ./Core/Src/stm32f1xx_it.o
                0x08000af4                BusFault_Handler
 .text.UsageFault_Handler
                0x08000afc        0x8 ./Core/Src/stm32f1xx_it.o
                0x08000afc                UsageFault_Handler
 .text.SVC_Handler
                0x08000b04        0xc ./Core/Src/stm32f1xx_it.o
                0x08000b04                SVC_Handler
 .text.DebugMon_Handler
                0x08000b10        0xc ./Core/Src/stm32f1xx_it.o
                0x08000b10                DebugMon_Handler
 .text.PendSV_Handler
                0x08000b1c        0xc ./Core/Src/stm32f1xx_it.o
                0x08000b1c                PendSV_Handler
 .text.SysTick_Handler
                0x08000b28        0xc ./Core/Src/stm32f1xx_it.o
                0x08000b28                SysTick_Handler
 .text.DMA1_Channel3_IRQHandler
                0x08000b34       0x14 ./Core/Src/stm32f1xx_it.o
                0x08000b34                DMA1_Channel3_IRQHandler
 .text.TIM2_IRQHandler
                0x08000b48       0x14 ./Core/Src/stm32f1xx_it.o
                0x08000b48                TIM2_IRQHandler
 .text.SPI1_IRQHandler
                0x08000b5c       0x14 ./Core/Src/stm32f1xx_it.o
                0x08000b5c                SPI1_IRQHandler
 .text.SPI2_IRQHandler
                0x08000b70       0x14 ./Core/Src/stm32f1xx_it.o
                0x08000b70                SPI2_IRQHandler
 .text.USART1_IRQHandler
                0x08000b84       0x14 ./Core/Src/stm32f1xx_it.o
                0x08000b84                USART1_IRQHandler
 .text.SystemInit
                0x08000b98        0xc ./Core/Src/system_stm32f1xx.o
                0x08000b98                SystemInit
 .text.MX_TIM2_Init
                0x08000ba4       0x98 ./Core/Src/tim.o
                0x08000ba4                MX_TIM2_Init
 .text.HAL_TIM_Base_MspInit
                0x08000c3c       0x48 ./Core/Src/tim.o
                0x08000c3c                HAL_TIM_Base_MspInit
 .text.timerRun
                0x08000c84       0x60 ./Core/Src/timer.o
                0x08000c84                timerRun
 .text.HAL_TIM_PeriodElapsedCallback
                0x08000ce4       0x1e ./Core/Src/timer.o
                0x08000ce4                HAL_TIM_PeriodElapsedCallback
 *fill*         0x08000d02        0x2 
 .text.MX_USART1_UART_Init
                0x08000d04       0x54 ./Core/Src/usart.o
                0x08000d04                MX_USART1_UART_Init
 .text.MX_USART2_UART_Init
                0x08000d58       0x54 ./Core/Src/usart.o
                0x08000d58                MX_USART2_UART_Init
 .text.MX_USART3_UART_Init
                0x08000dac       0x54 ./Core/Src/usart.o
                0x08000dac                MX_USART3_UART_Init
 .text.HAL_UART_MspInit
                0x08000e00      0x190 ./Core/Src/usart.o
                0x08000e00                HAL_UART_MspInit
 .text.Reset_Handler
                0x08000f90       0x48 ./Core/Startup/startup_stm32f103c8tx.o
                0x08000f90                Reset_Handler
 .text.Default_Handler
                0x08000fd8        0x2 ./Core/Startup/startup_stm32f103c8tx.o
                0x08000fd8                RTC_Alarm_IRQHandler
                0x08000fd8                EXTI2_IRQHandler
                0x08000fd8                TIM1_CC_IRQHandler
                0x08000fd8                PVD_IRQHandler
                0x08000fd8                EXTI3_IRQHandler
                0x08000fd8                EXTI0_IRQHandler
                0x08000fd8                I2C2_EV_IRQHandler
                0x08000fd8                ADC1_2_IRQHandler
                0x08000fd8                TAMPER_IRQHandler
                0x08000fd8                DMA1_Channel4_IRQHandler
                0x08000fd8                USART3_IRQHandler
                0x08000fd8                RTC_IRQHandler
                0x08000fd8                DMA1_Channel7_IRQHandler
                0x08000fd8                CAN1_RX1_IRQHandler
                0x08000fd8                TIM4_IRQHandler
                0x08000fd8                I2C1_EV_IRQHandler
                0x08000fd8                DMA1_Channel6_IRQHandler
                0x08000fd8                TIM3_IRQHandler
                0x08000fd8                RCC_IRQHandler
                0x08000fd8                TIM1_TRG_COM_IRQHandler
                0x08000fd8                DMA1_Channel1_IRQHandler
                0x08000fd8                Default_Handler
                0x08000fd8                EXTI15_10_IRQHandler
                0x08000fd8                EXTI9_5_IRQHandler
                0x08000fd8                DMA1_Channel5_IRQHandler
                0x08000fd8                EXTI4_IRQHandler
                0x08000fd8                USB_LP_CAN1_RX0_IRQHandler
                0x08000fd8                USB_HP_CAN1_TX_IRQHandler
                0x08000fd8                TIM1_UP_IRQHandler
                0x08000fd8                WWDG_IRQHandler
                0x08000fd8                TIM1_BRK_IRQHandler
                0x08000fd8                EXTI1_IRQHandler
                0x08000fd8                USART2_IRQHandler
                0x08000fd8                I2C2_ER_IRQHandler
                0x08000fd8                DMA1_Channel2_IRQHandler
                0x08000fd8                CAN1_SCE_IRQHandler
                0x08000fd8                FLASH_IRQHandler
                0x08000fd8                I2C1_ER_IRQHandler
                0x08000fd8                USBWakeUp_IRQHandler
 *fill*         0x08000fda        0x2 
 .text.HAL_Init
                0x08000fdc       0x2c ./Drivers/STM32F1xx_HAL_Driver/Src/stm32f1xx_hal.o
                0x08000fdc                HAL_Init
 .text.HAL_InitTick
                0x08001008       0x60 ./Drivers/STM32F1xx_HAL_Driver/Src/stm32f1xx_hal.o
                0x08001008                HAL_InitTick
 .text.HAL_IncTick
                0x08001068       0x24 ./Drivers/STM32F1xx_HAL_Driver/Src/stm32f1xx_hal.o
                0x08001068                HAL_IncTick
 .text.HAL_GetTick
                0x0800108c       0x14 ./Drivers/STM32F1xx_HAL_Driver/Src/stm32f1xx_hal.o
                0x0800108c                HAL_GetTick
 .text.HAL_Delay
                0x080010a0       0x48 ./Drivers/STM32F1xx_HAL_Driver/Src/stm32f1xx_hal.o
                0x080010a0                HAL_Delay
 .text.__NVIC_SetPriorityGrouping
                0x080010e8       0x48 ./Drivers/STM32F1xx_HAL_Driver/Src/stm32f1xx_hal_cortex.o
 .text.__NVIC_GetPriorityGrouping
                0x08001130       0x1c ./Drivers/STM32F1xx_HAL_Driver/Src/stm32f1xx_hal_cortex.o
 .text.__NVIC_EnableIRQ
                0x0800114c       0x38 ./Drivers/STM32F1xx_HAL_Driver/Src/stm32f1xx_hal_cortex.o
 .text.__NVIC_SetPriority
                0x08001184       0x54 ./Drivers/STM32F1xx_HAL_Driver/Src/stm32f1xx_hal_cortex.o
 .text.NVIC_EncodePriority
                0x080011d8       0x64 ./Drivers/STM32F1xx_HAL_Driver/Src/stm32f1xx_hal_cortex.o
 .text.SysTick_Config
                0x0800123c       0x44 ./Drivers/STM32F1xx_HAL_Driver/Src/stm32f1xx_hal_cortex.o
 .text.HAL_NVIC_SetPriorityGrouping
                0x08001280       0x16 ./Drivers/STM32F1xx_HAL_Driver/Src/stm32f1xx_hal_cortex.o
                0x08001280                HAL_NVIC_SetPriorityGrouping
 .text.HAL_NVIC_SetPriority
                0x08001296       0x38 ./Drivers/STM32F1xx_HAL_Driver/Src/stm32f1xx_hal_cortex.o
                0x08001296                HAL_NVIC_SetPriority
 .text.HAL_NVIC_EnableIRQ
                0x080012ce       0x1c ./Drivers/STM32F1xx_HAL_Driver/Src/stm32f1xx_hal_cortex.o
                0x080012ce                HAL_NVIC_EnableIRQ
 .text.HAL_SYSTICK_Config
                0x080012ea       0x18 ./Drivers/STM32F1xx_HAL_Driver/Src/stm32f1xx_hal_cortex.o
                0x080012ea                HAL_SYSTICK_Config
 *fill*         0x08001302        0x2 
 .text.HAL_DMA_Init
                0x08001304       0xb4 ./Drivers/STM32F1xx_HAL_Driver/Src/stm32f1xx_hal_dma.o
                0x08001304                HAL_DMA_Init
 .text.HAL_DMA_Abort
                0x080013b8       0x76 ./Drivers/STM32F1xx_HAL_Driver/Src/stm32f1xx_hal_dma.o
                0x080013b8                HAL_DMA_Abort
 *fill*         0x0800142e        0x2 
 .text.HAL_DMA_Abort_IT
                0x08001430       0xf0 ./Drivers/STM32F1xx_HAL_Driver/Src/stm32f1xx_hal_dma.o
                0x08001430                HAL_DMA_Abort_IT
 .text.HAL_DMA_IRQHandler
                0x08001520      0x20c ./Drivers/STM32F1xx_HAL_Driver/Src/stm32f1xx_hal_dma.o
                0x08001520                HAL_DMA_IRQHandler
 .text.HAL_GPIO_Init
                0x0800172c      0x308 ./Drivers/STM32F1xx_HAL_Driver/Src/stm32f1xx_hal_gpio.o
                0x0800172c                HAL_GPIO_Init
 .text.HAL_GPIO_WritePin
                0x08001a34       0x30 ./Drivers/STM32F1xx_HAL_Driver/Src/stm32f1xx_hal_gpio.o
                0x08001a34                HAL_GPIO_WritePin
 .text.HAL_I2C_Init
                0x08001a64      0x288 ./Drivers/STM32F1xx_HAL_Driver/Src/stm32f1xx_hal_i2c.o
                0x08001a64                HAL_I2C_Init
 .text.HAL_RCC_OscConfig
                0x08001cec      0x504 ./Drivers/STM32F1xx_HAL_Driver/Src/stm32f1xx_hal_rcc.o
                0x08001cec                HAL_RCC_OscConfig
 .text.HAL_RCC_ClockConfig
                0x080021f0      0x1d4 ./Drivers/STM32F1xx_HAL_Driver/Src/stm32f1xx_hal_rcc.o
                0x080021f0                HAL_RCC_ClockConfig
 .text.HAL_RCC_GetSysClockFreq
                0x080023c4       0xa8 ./Drivers/STM32F1xx_HAL_Driver/Src/stm32f1xx_hal_rcc.o
                0x080023c4                HAL_RCC_GetSysClockFreq
 .text.HAL_RCC_GetHCLKFreq
                0x0800246c       0x14 ./Drivers/STM32F1xx_HAL_Driver/Src/stm32f1xx_hal_rcc.o
                0x0800246c                HAL_RCC_GetHCLKFreq
 .text.HAL_RCC_GetPCLK1Freq
                0x08002480       0x28 ./Drivers/STM32F1xx_HAL_Driver/Src/stm32f1xx_hal_rcc.o
                0x08002480                HAL_RCC_GetPCLK1Freq
 .text.HAL_RCC_GetPCLK2Freq
                0x080024a8       0x28 ./Drivers/STM32F1xx_HAL_Driver/Src/stm32f1xx_hal_rcc.o
                0x080024a8                HAL_RCC_GetPCLK2Freq
 .text.RCC_Delay
                0x080024d0       0x3c ./Drivers/STM32F1xx_HAL_Driver/Src/stm32f1xx_hal_rcc.o
 .text.HAL_SPI_Init
                0x0800250c      0x108 ./Drivers/STM32F1xx_HAL_Driver/Src/stm32f1xx_hal_spi.o
                0x0800250c                HAL_SPI_Init
 .text.HAL_SPI_TransmitReceive
                0x08002614      0x352 ./Drivers/STM32F1xx_HAL_Driver/Src/stm32f1xx_hal_spi.o
                0x08002614                HAL_SPI_TransmitReceive
 *fill*         0x08002966        0x2 
 .text.HAL_SPI_TransmitReceive_IT
                0x08002968      0x11c ./Drivers/STM32F1xx_HAL_Driver/Src/stm32f1xx_hal_spi.o
                0x08002968                HAL_SPI_TransmitReceive_IT
 .text.HAL_SPI_IRQHandler
                0x08002a84      0x1bc ./Drivers/STM32F1xx_HAL_Driver/Src/stm32f1xx_hal_spi.o
                0x08002a84                HAL_SPI_IRQHandler
 .text.HAL_SPI_RxCpltCallback
                0x08002c40       0x12 ./Drivers/STM32F1xx_HAL_Driver/Src/stm32f1xx_hal_spi.o
                0x08002c40                HAL_SPI_RxCpltCallback
 .text.HAL_SPI_ErrorCallback
                0x08002c52       0x12 ./Drivers/STM32F1xx_HAL_Driver/Src/stm32f1xx_hal_spi.o
                0x08002c52                HAL_SPI_ErrorCallback
 .text.SPI_DMAAbortOnError
                0x08002c64       0x28 ./Drivers/STM32F1xx_HAL_Driver/Src/stm32f1xx_hal_spi.o
 .text.SPI_2linesRxISR_8BIT
                0x08002c8c       0x64 ./Drivers/STM32F1xx_HAL_Driver/Src/stm32f1xx_hal_spi.o
 .text.SPI_2linesTxISR_8BIT
                0x08002cf0       0x60 ./Drivers/STM32F1xx_HAL_Driver/Src/stm32f1xx_hal_spi.o
 .text.SPI_2linesRxISR_16BIT
                0x08002d50       0x60 ./Drivers/STM32F1xx_HAL_Driver/Src/stm32f1xx_hal_spi.o
 .text.SPI_2linesTxISR_16BIT
                0x08002db0       0x5e ./Drivers/STM32F1xx_HAL_Driver/Src/stm32f1xx_hal_spi.o
 *fill*         0x08002e0e        0x2 
 .text.SPI_WaitFlagStateUntilTimeout
                0x08002e10      0x110 ./Drivers/STM32F1xx_HAL_Driver/Src/stm32f1xx_hal_spi.o
 .text.SPI_EndRxTxTransaction
                0x08002f20       0x62 ./Drivers/STM32F1xx_HAL_Driver/Src/stm32f1xx_hal_spi.o
 *fill*         0x08002f82        0x2 
 .text.SPI_CloseRxTx_ISR
                0x08002f84       0xe8 ./Drivers/STM32F1xx_HAL_Driver/Src/stm32f1xx_hal_spi.o
 .text.HAL_TIM_Base_Init
                0x0800306c       0x9e ./Drivers/STM32F1xx_HAL_Driver/Src/stm32f1xx_hal_tim.o
                0x0800306c                HAL_TIM_Base_Init
 .text.HAL_TIM_IRQHandler
                0x0800310a      0x1e0 ./Drivers/STM32F1xx_HAL_Driver/Src/stm32f1xx_hal_tim.o
                0x0800310a                HAL_TIM_IRQHandler
 .text.HAL_TIM_ConfigClockSource
                0x080032ea      0x18e ./Drivers/STM32F1xx_HAL_Driver/Src/stm32f1xx_hal_tim.o
                0x080032ea                HAL_TIM_ConfigClockSource
 .text.HAL_TIM_OC_DelayElapsedCallback
                0x08003478       0x12 ./Drivers/STM32F1xx_HAL_Driver/Src/stm32f1xx_hal_tim.o
                0x08003478                HAL_TIM_OC_DelayElapsedCallback
 .text.HAL_TIM_IC_CaptureCallback
                0x0800348a       0x12 ./Drivers/STM32F1xx_HAL_Driver/Src/stm32f1xx_hal_tim.o
                0x0800348a                HAL_TIM_IC_CaptureCallback
 .text.HAL_TIM_PWM_PulseFinishedCallback
                0x0800349c       0x12 ./Drivers/STM32F1xx_HAL_Driver/Src/stm32f1xx_hal_tim.o
                0x0800349c                HAL_TIM_PWM_PulseFinishedCallback
 .text.HAL_TIM_TriggerCallback
                0x080034ae       0x12 ./Drivers/STM32F1xx_HAL_Driver/Src/stm32f1xx_hal_tim.o
                0x080034ae                HAL_TIM_TriggerCallback
 .text.TIM_Base_SetConfig
                0x080034c0       0xdc ./Drivers/STM32F1xx_HAL_Driver/Src/stm32f1xx_hal_tim.o
                0x080034c0                TIM_Base_SetConfig
 .text.TIM_TI1_ConfigInputStage
                0x0800359c       0x5c ./Drivers/STM32F1xx_HAL_Driver/Src/stm32f1xx_hal_tim.o
 .text.TIM_TI2_ConfigInputStage
                0x080035f8       0x5e ./Drivers/STM32F1xx_HAL_Driver/Src/stm32f1xx_hal_tim.o
 .text.TIM_ITRx_SetConfig
                0x08003656       0x34 ./Drivers/STM32F1xx_HAL_Driver/Src/stm32f1xx_hal_tim.o
 .text.TIM_ETR_SetConfig
                0x0800368a       0x3e ./Drivers/STM32F1xx_HAL_Driver/Src/stm32f1xx_hal_tim.o
                0x0800368a                TIM_ETR_SetConfig
 .text.HAL_TIMEx_MasterConfigSynchronization
                0x080036c8       0xbc ./Drivers/STM32F1xx_HAL_Driver/Src/stm32f1xx_hal_tim_ex.o
                0x080036c8                HAL_TIMEx_MasterConfigSynchronization
 .text.HAL_TIMEx_CommutCallback
                0x08003784       0x12 ./Drivers/STM32F1xx_HAL_Driver/Src/stm32f1xx_hal_tim_ex.o
                0x08003784                HAL_TIMEx_CommutCallback
 .text.HAL_TIMEx_BreakCallback
                0x08003796       0x12 ./Drivers/STM32F1xx_HAL_Driver/Src/stm32f1xx_hal_tim_ex.o
                0x08003796                HAL_TIMEx_BreakCallback
 .text.HAL_UART_Init
                0x080037a8       0xa0 ./Drivers/STM32F1xx_HAL_Driver/Src/stm32f1xx_hal_uart.o
                0x080037a8                HAL_UART_Init
 .text.HAL_UART_Transmit
                0x08003848      0x116 ./Drivers/STM32F1xx_HAL_Driver/Src/stm32f1xx_hal_uart.o
                0x08003848                HAL_UART_Transmit
 .text.HAL_UART_Receive_IT
                0x0800395e       0x4a ./Drivers/STM32F1xx_HAL_Driver/Src/stm32f1xx_hal_uart.o
                0x0800395e                HAL_UART_Receive_IT
 .text.HAL_UART_IRQHandler
                0x080039a8      0x524 ./Drivers/STM32F1xx_HAL_Driver/Src/stm32f1xx_hal_uart.o
                0x080039a8                HAL_UART_IRQHandler
 .text.HAL_UART_TxCpltCallback
                0x08003ecc       0x12 ./Drivers/STM32F1xx_HAL_Driver/Src/stm32f1xx_hal_uart.o
                0x08003ecc                HAL_UART_TxCpltCallback
 .text.HAL_UART_ErrorCallback
                0x08003ede       0x12 ./Drivers/STM32F1xx_HAL_Driver/Src/stm32f1xx_hal_uart.o
                0x08003ede                HAL_UART_ErrorCallback
 .text.HAL_UARTEx_RxEventCallback
                0x08003ef0       0x16 ./Drivers/STM32F1xx_HAL_Driver/Src/stm32f1xx_hal_uart.o
                0x08003ef0                HAL_UARTEx_RxEventCallback
 .text.UART_WaitOnFlagUntilTimeout
                0x08003f06       0xb2 ./Drivers/STM32F1xx_HAL_Driver/Src/stm32f1xx_hal_uart.o
 .text.UART_Start_Receive_IT
                0x08003fb8       0x72 ./Drivers/STM32F1xx_HAL_Driver/Src/stm32f1xx_hal_uart.o
                0x08003fb8                UART_Start_Receive_IT
 .text.UART_EndRxTransfer
                0x0800402a       0xc4 ./Drivers/STM32F1xx_HAL_Driver/Src/stm32f1xx_hal_uart.o
 .text.UART_DMAAbortOnError
                0x080040ee       0x28 ./Drivers/STM32F1xx_HAL_Driver/Src/stm32f1xx_hal_uart.o
 .text.UART_Transmit_IT
                0x08004116       0x9e ./Drivers/STM32F1xx_HAL_Driver/Src/stm32f1xx_hal_uart.o
 .text.UART_EndTransmit_IT
                0x080041b4       0x30 ./Drivers/STM32F1xx_HAL_Driver/Src/stm32f1xx_hal_uart.o
 .text.UART_Receive_IT
                0x080041e4      0x17c ./Drivers/STM32F1xx_HAL_Driver/Src/stm32f1xx_hal_uart.o
 .text.UART_SetConfig
                0x08004360      0x11c ./Drivers/STM32F1xx_HAL_Driver/Src/stm32f1xx_hal_uart.o
 .text.memset   0x0800447c       0x10 C:/ST/STM32CubeIDE_1.17.0/STM32CubeIDE/plugins/com.st.stm32cube.ide.mcu.externaltools.gnu-tools-for-stm32.12.3.rel1.win32_1.1.0.202410251130/tools/bin/../lib/gcc/arm-none-eabi/12.3.1/../../../../arm-none-eabi/lib/thumb/v7-m/nofp\libc_nano.a(libc_a-memset.o)
                0x0800447c                memset
 .text.__libc_init_array
                0x0800448c       0x48 C:/ST/STM32CubeIDE_1.17.0/STM32CubeIDE/plugins/com.st.stm32cube.ide.mcu.externaltools.gnu-tools-for-stm32.12.3.rel1.win32_1.1.0.202410251130/tools/bin/../lib/gcc/arm-none-eabi/12.3.1/../../../../arm-none-eabi/lib/thumb/v7-m/nofp\libc_nano.a(libc_a-init.o)
                0x0800448c                __libc_init_array
 *(.glue_7)
 .glue_7        0x080044d4        0x0 linker stubs
 *(.glue_7t)
 .glue_7t       0x080044d4        0x0 linker stubs
 *(.eh_frame)
 .eh_frame      0x080044d4        0x0 C:/ST/STM32CubeIDE_1.17.0/STM32CubeIDE/plugins/com.st.stm32cube.ide.mcu.externaltools.gnu-tools-for-stm32.12.3.rel1.win32_1.1.0.202410251130/tools/bin/../lib/gcc/arm-none-eabi/12.3.1/thumb/v7-m/nofp/crtbegin.o
 *(.init)
 .init          0x080044d4        0x4 C:/ST/STM32CubeIDE_1.17.0/STM32CubeIDE/plugins/com.st.stm32cube.ide.mcu.externaltools.gnu-tools-for-stm32.12.3.rel1.win32_1.1.0.202410251130/tools/bin/../lib/gcc/arm-none-eabi/12.3.1/thumb/v7-m/nofp/crti.o
                0x080044d4                _init
 .init          0x080044d8        0x8 C:/ST/STM32CubeIDE_1.17.0/STM32CubeIDE/plugins/com.st.stm32cube.ide.mcu.externaltools.gnu-tools-for-stm32.12.3.rel1.win32_1.1.0.202410251130/tools/bin/../lib/gcc/arm-none-eabi/12.3.1/thumb/v7-m/nofp/crtn.o
 *(.fini)
 .fini          0x080044e0        0x4 C:/ST/STM32CubeIDE_1.17.0/STM32CubeIDE/plugins/com.st.stm32cube.ide.mcu.externaltools.gnu-tools-for-stm32.12.3.rel1.win32_1.1.0.202410251130/tools/bin/../lib/gcc/arm-none-eabi/12.3.1/thumb/v7-m/nofp/crti.o
                0x080044e0                _fini
 .fini          0x080044e4        0x8 C:/ST/STM32CubeIDE_1.17.0/STM32CubeIDE/plugins/com.st.stm32cube.ide.mcu.externaltools.gnu-tools-for-stm32.12.3.rel1.win32_1.1.0.202410251130/tools/bin/../lib/gcc/arm-none-eabi/12.3.1/thumb/v7-m/nofp/crtn.o
                0x080044ec                        . = ALIGN (0x4)
                0x080044ec                        _etext = .

.vfp11_veneer   0x080044ec        0x0
 .vfp11_veneer  0x080044ec        0x0 linker stubs

.v4_bx          0x080044ec        0x0
 .v4_bx         0x080044ec        0x0 linker stubs

.iplt           0x080044ec        0x0
 .iplt          0x080044ec        0x0 C:/ST/STM32CubeIDE_1.17.0/STM32CubeIDE/plugins/com.st.stm32cube.ide.mcu.externaltools.gnu-tools-for-stm32.12.3.rel1.win32_1.1.0.202410251130/tools/bin/../lib/gcc/arm-none-eabi/12.3.1/thumb/v7-m/nofp/crtbegin.o

.rodata         0x080044ec       0x2c
                0x080044ec                        . = ALIGN (0x4)
 *(.rodata)
 *(.rodata*)
 .rodata.AHBPrescTable
                0x080044ec       0x10 ./Core/Src/system_stm32f1xx.o
                0x080044ec                AHBPrescTable
 .rodata.APBPrescTable
                0x080044fc        0x8 ./Core/Src/system_stm32f1xx.o
                0x080044fc                APBPrescTable
 .rodata.aPLLMULFactorTable.1
                0x08004504       0x10 ./Drivers/STM32F1xx_HAL_Driver/Src/stm32f1xx_hal_rcc.o
 .rodata.aPredivFactorTable.0
                0x08004514        0x2 ./Drivers/STM32F1xx_HAL_Driver/Src/stm32f1xx_hal_rcc.o
                0x08004518                        . = ALIGN (0x4)
 *fill*         0x08004516        0x2 

.ARM.extab      0x08004518        0x0
                0x08004518                        . = ALIGN (0x4)
 *(.ARM.extab* .gnu.linkonce.armextab.*)
                0x08004518                        . = ALIGN (0x4)

.ARM            0x08004518        0x0
                0x08004518                        . = ALIGN (0x4)
                0x08004518                        __exidx_start = .
 *(.ARM.exidx*)
                0x08004518                        __exidx_end = .
                0x08004518                        . = ALIGN (0x4)

.preinit_array  0x08004518        0x0
                0x08004518                        . = ALIGN (0x4)
                0x08004518                        PROVIDE (__preinit_array_start = .)
 *(.preinit_array*)
                0x08004518                        PROVIDE (__preinit_array_end = .)
                0x08004518                        . = ALIGN (0x4)

.init_array     0x08004518        0x4
                0x08004518                        . = ALIGN (0x4)
                0x08004518                        PROVIDE (__init_array_start = .)
 *(SORT_BY_NAME(.init_array.*))
 *(.init_array*)
 .init_array    0x08004518        0x4 C:/ST/STM32CubeIDE_1.17.0/STM32CubeIDE/plugins/com.st.stm32cube.ide.mcu.externaltools.gnu-tools-for-stm32.12.3.rel1.win32_1.1.0.202410251130/tools/bin/../lib/gcc/arm-none-eabi/12.3.1/thumb/v7-m/nofp/crtbegin.o
                0x0800451c                        PROVIDE (__init_array_end = .)
                0x0800451c                        . = ALIGN (0x4)

.fini_array     0x0800451c        0x4
                0x0800451c                        . = ALIGN (0x4)
                [!provide]                        PROVIDE (__fini_array_start = .)
 *(SORT_BY_NAME(.fini_array.*))
 *(.fini_array*)
 .fini_array    0x0800451c        0x4 C:/ST/STM32CubeIDE_1.17.0/STM32CubeIDE/plugins/com.st.stm32cube.ide.mcu.externaltools.gnu-tools-for-stm32.12.3.rel1.win32_1.1.0.202410251130/tools/bin/../lib/gcc/arm-none-eabi/12.3.1/thumb/v7-m/nofp/crtbegin.o
                [!provide]                        PROVIDE (__fini_array_end = .)
                0x08004520                        . = ALIGN (0x4)
                0x08004520                        _sidata = LOADADDR (.data)

.rel.dyn        0x08004520        0x0
 .rel.iplt      0x08004520        0x0 C:/ST/STM32CubeIDE_1.17.0/STM32CubeIDE/plugins/com.st.stm32cube.ide.mcu.externaltools.gnu-tools-for-stm32.12.3.rel1.win32_1.1.0.202410251130/tools/bin/../lib/gcc/arm-none-eabi/12.3.1/thumb/v7-m/nofp/crtbegin.o

.data           0x20000000        0xc load address 0x08004520
                0x20000000                        . = ALIGN (0x4)
                0x20000000                        _sdata = .
 *(.data)
 *(.data*)
 .data.SystemCoreClock
                0x20000000        0x4 ./Core/Src/system_stm32f1xx.o
                0x20000000                SystemCoreClock
 .data.uwTickPrio
                0x20000004        0x4 ./Drivers/STM32F1xx_HAL_Driver/Src/stm32f1xx_hal.o
                0x20000004                uwTickPrio
 .data.uwTickFreq
                0x20000008        0x1 ./Drivers/STM32F1xx_HAL_Driver/Src/stm32f1xx_hal.o
                0x20000008                uwTickFreq
 *(.RamFunc)
 *(.RamFunc*)
                0x2000000c                        . = ALIGN (0x4)
 *fill*         0x20000009        0x3 
                0x2000000c                        _edata = .

.igot.plt       0x2000000c        0x0 load address 0x0800452c
 .igot.plt      0x2000000c        0x0 C:/ST/STM32CubeIDE_1.17.0/STM32CubeIDE/plugins/com.st.stm32cube.ide.mcu.externaltools.gnu-tools-for-stm32.12.3.rel1.win32_1.1.0.202410251130/tools/bin/../lib/gcc/arm-none-eabi/12.3.1/thumb/v7-m/nofp/crtbegin.o
                0x2000000c                        . = ALIGN (0x4)

.bss            0x2000000c      0x4ec load address 0x0800452c
                0x2000000c                        _sbss = .
                0x2000000c                        __bss_start__ = _sbss
 *(.bss)
 .bss           0x2000000c       0x1c C:/ST/STM32CubeIDE_1.17.0/STM32CubeIDE/plugins/com.st.stm32cube.ide.mcu.externaltools.gnu-tools-for-stm32.12.3.rel1.win32_1.1.0.202410251130/tools/bin/../lib/gcc/arm-none-eabi/12.3.1/thumb/v7-m/nofp/crtbegin.o
 *(.bss*)
 .bss.hardware  0x20000028      0x214 ./Core/Src/hardware.o
                0x20000028                hardware
 .bss.hi2c1     0x2000023c       0x54 ./Core/Src/i2c.o
                0x2000023c                hi2c1
 .bss.hspi1     0x20000290       0x58 ./Core/Src/spi.o
                0x20000290                hspi1
 .bss.hspi2     0x200002e8       0x58 ./Core/Src/spi.o
                0x200002e8                hspi2
 .bss.hdma_spi1_tx
                0x20000340       0x44 ./Core/Src/spi.o
                0x20000340                hdma_spi1_tx
 .bss.htim2     0x20000384       0x48 ./Core/Src/tim.o
                0x20000384                htim2
 .bss.timer     0x200003cc       0x50 ./Core/Src/timer.o
                0x200003cc                timer
 .bss.huart1    0x2000041c       0x48 ./Core/Src/usart.o
                0x2000041c                huart1
 .bss.huart2    0x20000464       0x48 ./Core/Src/usart.o
                0x20000464                huart2
 .bss.huart3    0x200004ac       0x48 ./Core/Src/usart.o
                0x200004ac                huart3
 .bss.uwTick    0x200004f4        0x4 ./Drivers/STM32F1xx_HAL_Driver/Src/stm32f1xx_hal.o
                0x200004f4                uwTick
 *(COMMON)
                0x200004f8                        . = ALIGN (0x4)
                0x200004f8                        _ebss = .
                0x200004f8                        __bss_end__ = _ebss

._user_heap_stack
                0x200004f8      0x600 load address 0x0800452c
                0x200004f8                        . = ALIGN (0x8)
                [!provide]                        PROVIDE (end = .)
                0x200004f8                        PROVIDE (_end = .)
                0x200006f8                        . = (. + _Min_Heap_Size)
 *fill*         0x200004f8      0x200 
                0x20000af8                        . = (. + _Min_Stack_Size)
 *fill*         0x200006f8      0x400 
                0x20000af8                        . = ALIGN (0x8)

/DISCARD/
 libc.a(*)
 libm.a(*)
 libgcc.a(*)

.ARM.attributes
                0x00000000       0x29
 *(.ARM.attributes)
 .ARM.attributes
                0x00000000       0x1d C:/ST/STM32CubeIDE_1.17.0/STM32CubeIDE/plugins/com.st.stm32cube.ide.mcu.externaltools.gnu-tools-for-stm32.12.3.rel1.win32_1.1.0.202410251130/tools/bin/../lib/gcc/arm-none-eabi/12.3.1/thumb/v7-m/nofp/crti.o
 .ARM.attributes
                0x0000001d       0x2d C:/ST/STM32CubeIDE_1.17.0/STM32CubeIDE/plugins/com.st.stm32cube.ide.mcu.externaltools.gnu-tools-for-stm32.12.3.rel1.win32_1.1.0.202410251130/tools/bin/../lib/gcc/arm-none-eabi/12.3.1/thumb/v7-m/nofp/crtbegin.o
 .ARM.attributes
                0x0000004a       0x2d ./Core/Src/dma.o
 .ARM.attributes
                0x00000077       0x2d ./Core/Src/gpio.o
 .ARM.attributes
                0x000000a4       0x2d ./Core/Src/hardware.o
 .ARM.attributes
                0x000000d1       0x2d ./Core/Src/i2c.o
 .ARM.attributes
                0x000000fe       0x2d ./Core/Src/main.o
 .ARM.attributes
                0x0000012b       0x2d ./Core/Src/spi.o
 .ARM.attributes
                0x00000158       0x2d ./Core/Src/stm32f1xx_hal_msp.o
 .ARM.attributes
                0x00000185       0x2d ./Core/Src/stm32f1xx_it.o
 .ARM.attributes
                0x000001b2       0x2d ./Core/Src/system_stm32f1xx.o
 .ARM.attributes
                0x000001df       0x2d ./Core/Src/tim.o
 .ARM.attributes
                0x0000020c       0x2d ./Core/Src/timer.o
 .ARM.attributes
                0x00000239       0x2d ./Core/Src/usart.o
 .ARM.attributes
                0x00000266       0x21 ./Core/Startup/startup_stm32f103c8tx.o
 .ARM.attributes
                0x00000287       0x2d ./Drivers/STM32F1xx_HAL_Driver/Src/stm32f1xx_hal.o
 .ARM.attributes
                0x000002b4       0x2d ./Drivers/STM32F1xx_HAL_Driver/Src/stm32f1xx_hal_cortex.o
 .ARM.attributes
                0x000002e1       0x2d ./Drivers/STM32F1xx_HAL_Driver/Src/stm32f1xx_hal_dma.o
 .ARM.attributes
                0x0000030e       0x2d ./Drivers/STM32F1xx_HAL_Driver/Src/stm32f1xx_hal_gpio.o
 .ARM.attributes
                0x0000033b       0x2d ./Drivers/STM32F1xx_HAL_Driver/Src/stm32f1xx_hal_i2c.o
 .ARM.attributes
                0x00000368       0x2d ./Drivers/STM32F1xx_HAL_Driver/Src/stm32f1xx_hal_rcc.o
 .ARM.attributes
                0x00000395       0x2d ./Drivers/STM32F1xx_HAL_Driver/Src/stm32f1xx_hal_spi.o
 .ARM.attributes
                0x000003c2       0x2d ./Drivers/STM32F1xx_HAL_Driver/Src/stm32f1xx_hal_tim.o
 .ARM.attributes
                0x000003ef       0x2d ./Drivers/STM32F1xx_HAL_Driver/Src/stm32f1xx_hal_tim_ex.o
 .ARM.attributes
                0x0000041c       0x2d ./Drivers/STM32F1xx_HAL_Driver/Src/stm32f1xx_hal_uart.o
 .ARM.attributes
                0x00000449       0x2d C:/ST/STM32CubeIDE_1.17.0/STM32CubeIDE/plugins/com.st.stm32cube.ide.mcu.externaltools.gnu-tools-for-stm32.12.3.rel1.win32_1.1.0.202410251130/tools/bin/../lib/gcc/arm-none-eabi/12.3.1/../../../../arm-none-eabi/lib/thumb/v7-m/nofp\libc_nano.a(libc_a-memset.o)
 .ARM.attributes
                0x00000476       0x2d C:/ST/STM32CubeIDE_1.17.0/STM32CubeIDE/plugins/com.st.stm32cube.ide.mcu.externaltools.gnu-tools-for-stm32.12.3.rel1.win32_1.1.0.202410251130/tools/bin/../lib/gcc/arm-none-eabi/12.3.1/../../../../arm-none-eabi/lib/thumb/v7-m/nofp\libc_nano.a(libc_a-init.o)
 .ARM.attributes
                0x000004a3       0x1d C:/ST/STM32CubeIDE_1.17.0/STM32CubeIDE/plugins/com.st.stm32cube.ide.mcu.externaltools.gnu-tools-for-stm32.12.3.rel1.win32_1.1.0.202410251130/tools/bin/../lib/gcc/arm-none-eabi/12.3.1/thumb/v7-m/nofp/crtn.o
OUTPUT(bkit_com_test.elf elf32-littlearm)
LOAD linker stubs
LOAD C:/ST/STM32CubeIDE_1.17.0/STM32CubeIDE/plugins/com.st.stm32cube.ide.mcu.externaltools.gnu-tools-for-stm32.12.3.rel1.win32_1.1.0.202410251130/tools/bin/../lib/gcc/arm-none-eabi/12.3.1/../../../../arm-none-eabi/lib/thumb/v7-m/nofp\libc.a
LOAD C:/ST/STM32CubeIDE_1.17.0/STM32CubeIDE/plugins/com.st.stm32cube.ide.mcu.externaltools.gnu-tools-for-stm32.12.3.rel1.win32_1.1.0.202410251130/tools/bin/../lib/gcc/arm-none-eabi/12.3.1/../../../../arm-none-eabi/lib/thumb/v7-m/nofp\libm.a
LOAD C:/ST/STM32CubeIDE_1.17.0/STM32CubeIDE/plugins/com.st.stm32cube.ide.mcu.externaltools.gnu-tools-for-stm32.12.3.rel1.win32_1.1.0.202410251130/tools/bin/../lib/gcc/arm-none-eabi/12.3.1/thumb/v7-m/nofp\libgcc.a

.debug_info     0x00000000    0x12589
 .debug_info    0x00000000      0x2cf ./Core/Src/dma.o
 .debug_info    0x000002cf      0x2b7 ./Core/Src/gpio.o
 .debug_info    0x00000586      0xe8d ./Core/Src/hardware.o
 .debug_info    0x00001413      0x7e3 ./Core/Src/i2c.o
 .debug_info    0x00001bf6      0x89b ./Core/Src/main.o
 .debug_info    0x00002491      0x9e3 ./Core/Src/spi.o
 .debug_info    0x00002e74      0x1f1 ./Core/Src/stm32f1xx_hal_msp.o
 .debug_info    0x00003065      0xc2d ./Core/Src/stm32f1xx_it.o
 .debug_info    0x00003c92      0x222 ./Core/Src/system_stm32f1xx.o
 .debug_info    0x00003eb4      0x9bb ./Core/Src/tim.o
 .debug_info    0x0000486f      0x6fb ./Core/Src/timer.o
 .debug_info    0x00004f6a      0x9e0 ./Core/Src/usart.o
 .debug_info    0x0000594a       0x30 ./Core/Startup/startup_stm32f103c8tx.o
 .debug_info    0x0000597a      0x704 ./Drivers/STM32F1xx_HAL_Driver/Src/stm32f1xx_hal.o
 .debug_info    0x0000607e      0xa87 ./Drivers/STM32F1xx_HAL_Driver/Src/stm32f1xx_hal_cortex.o
 .debug_info    0x00006b05      0x6d2 ./Drivers/STM32F1xx_HAL_Driver/Src/stm32f1xx_hal_dma.o
 .debug_info    0x000071d7      0x5ab ./Drivers/STM32F1xx_HAL_Driver/Src/stm32f1xx_hal_gpio.o
 .debug_info    0x00007782     0x2524 ./Drivers/STM32F1xx_HAL_Driver/Src/stm32f1xx_hal_i2c.o
 .debug_info    0x00009ca6      0x7d5 ./Drivers/STM32F1xx_HAL_Driver/Src/stm32f1xx_hal_rcc.o
 .debug_info    0x0000a47b     0x142d ./Drivers/STM32F1xx_HAL_Driver/Src/stm32f1xx_hal_spi.o
 .debug_info    0x0000b8a8     0x2959 ./Drivers/STM32F1xx_HAL_Driver/Src/stm32f1xx_hal_tim.o
 .debug_info    0x0000e201     0x149b ./Drivers/STM32F1xx_HAL_Driver/Src/stm32f1xx_hal_tim_ex.o
 .debug_info    0x0000f69c     0x2eed ./Drivers/STM32F1xx_HAL_Driver/Src/stm32f1xx_hal_uart.o

.debug_abbrev   0x00000000     0x2d70
 .debug_abbrev  0x00000000       0xfc ./Core/Src/dma.o
 .debug_abbrev  0x000000fc      0x13f ./Core/Src/gpio.o
 .debug_abbrev  0x0000023b      0x269 ./Core/Src/hardware.o
 .debug_abbrev  0x000004a4      0x1de ./Core/Src/i2c.o
 .debug_abbrev  0x00000682      0x237 ./Core/Src/main.o
 .debug_abbrev  0x000008b9      0x220 ./Core/Src/spi.o
 .debug_abbrev  0x00000ad9       0xdb ./Core/Src/stm32f1xx_hal_msp.o
 .debug_abbrev  0x00000bb4      0x1c5 ./Core/Src/stm32f1xx_it.o
 .debug_abbrev  0x00000d79      0x13f ./Core/Src/system_stm32f1xx.o
 .debug_abbrev  0x00000eb8      0x20e ./Core/Src/tim.o
 .debug_abbrev  0x000010c6      0x1ec ./Core/Src/timer.o
 .debug_abbrev  0x000012b2      0x20b ./Core/Src/usart.o
 .debug_abbrev  0x000014bd       0x24 ./Core/Startup/startup_stm32f103c8tx.o
 .debug_abbrev  0x000014e1      0x201 ./Drivers/STM32F1xx_HAL_Driver/Src/stm32f1xx_hal.o
 .debug_abbrev  0x000016e2      0x2f8 ./Drivers/STM32F1xx_HAL_Driver/Src/stm32f1xx_hal_cortex.o
 .debug_abbrev  0x000019da      0x20b ./Drivers/STM32F1xx_HAL_Driver/Src/stm32f1xx_hal_dma.o
 .debug_abbrev  0x00001be5      0x1ca ./Drivers/STM32F1xx_HAL_Driver/Src/stm32f1xx_hal_gpio.o
 .debug_abbrev  0x00001daf      0x2a3 ./Drivers/STM32F1xx_HAL_Driver/Src/stm32f1xx_hal_i2c.o
 .debug_abbrev  0x00002052      0x2b3 ./Drivers/STM32F1xx_HAL_Driver/Src/stm32f1xx_hal_rcc.o
 .debug_abbrev  0x00002305      0x27a ./Drivers/STM32F1xx_HAL_Driver/Src/stm32f1xx_hal_spi.o
 .debug_abbrev  0x0000257f      0x277 ./Drivers/STM32F1xx_HAL_Driver/Src/stm32f1xx_hal_tim.o
 .debug_abbrev  0x000027f6      0x282 ./Drivers/STM32F1xx_HAL_Driver/Src/stm32f1xx_hal_tim_ex.o
 .debug_abbrev  0x00002a78      0x2f8 ./Drivers/STM32F1xx_HAL_Driver/Src/stm32f1xx_hal_uart.o

.debug_aranges  0x00000000     0x11c0
 .debug_aranges
                0x00000000       0x20 ./Core/Src/dma.o
 .debug_aranges
                0x00000020       0x20 ./Core/Src/gpio.o
 .debug_aranges
                0x00000040       0x40 ./Core/Src/hardware.o
 .debug_aranges
                0x00000080       0x30 ./Core/Src/i2c.o
 .debug_aranges
                0x000000b0       0x30 ./Core/Src/main.o
 .debug_aranges
                0x000000e0       0x38 ./Core/Src/spi.o
 .debug_aranges
                0x00000118       0x20 ./Core/Src/stm32f1xx_hal_msp.o
 .debug_aranges
                0x00000138       0x88 ./Core/Src/stm32f1xx_it.o
 .debug_aranges
                0x000001c0       0x28 ./Core/Src/system_stm32f1xx.o
 .debug_aranges
                0x000001e8       0x30 ./Core/Src/tim.o
 .debug_aranges
                0x00000218       0x40 ./Core/Src/timer.o
 .debug_aranges
                0x00000258       0x40 ./Core/Src/usart.o
 .debug_aranges
                0x00000298       0x28 ./Core/Startup/startup_stm32f103c8tx.o
 .debug_aranges
                0x000002c0       0xe0 ./Drivers/STM32F1xx_HAL_Driver/Src/stm32f1xx_hal.o
 .debug_aranges
                0x000003a0      0x100 ./Drivers/STM32F1xx_HAL_Driver/Src/stm32f1xx_hal_cortex.o
 .debug_aranges
                0x000004a0       0x80 ./Drivers/STM32F1xx_HAL_Driver/Src/stm32f1xx_hal_dma.o
 .debug_aranges
                0x00000520       0x58 ./Drivers/STM32F1xx_HAL_Driver/Src/stm32f1xx_hal_gpio.o
 .debug_aranges
                0x00000578      0x2a8 ./Drivers/STM32F1xx_HAL_Driver/Src/stm32f1xx_hal_i2c.o
 .debug_aranges
                0x00000820       0x90 ./Drivers/STM32F1xx_HAL_Driver/Src/stm32f1xx_hal_rcc.o
 .debug_aranges
                0x000008b0      0x1d0 ./Drivers/STM32F1xx_HAL_Driver/Src/stm32f1xx_hal_spi.o
 .debug_aranges
                0x00000a80      0x3d0 ./Drivers/STM32F1xx_HAL_Driver/Src/stm32f1xx_hal_tim.o
 .debug_aranges
                0x00000e50      0x168 ./Drivers/STM32F1xx_HAL_Driver/Src/stm32f1xx_hal_tim_ex.o
 .debug_aranges
                0x00000fb8      0x208 ./Drivers/STM32F1xx_HAL_Driver/Src/stm32f1xx_hal_uart.o

.debug_rnglists
                0x00000000      0xded
 .debug_rnglists
                0x00000000       0x13 ./Core/Src/dma.o
 .debug_rnglists
                0x00000013       0x14 ./Core/Src/gpio.o
 .debug_rnglists
                0x00000027       0x2f ./Core/Src/hardware.o
 .debug_rnglists
                0x00000056       0x1f ./Core/Src/i2c.o
 .debug_rnglists
                0x00000075       0x21 ./Core/Src/main.o
 .debug_rnglists
                0x00000096       0x26 ./Core/Src/spi.o
 .debug_rnglists
                0x000000bc       0x13 ./Core/Src/stm32f1xx_hal_msp.o
 .debug_rnglists
                0x000000cf       0x61 ./Core/Src/stm32f1xx_it.o
 .debug_rnglists
                0x00000130       0x1a ./Core/Src/system_stm32f1xx.o
 .debug_rnglists
                0x0000014a       0x20 ./Core/Src/tim.o
 .debug_rnglists
                0x0000016a       0x2b ./Core/Src/timer.o
 .debug_rnglists
                0x00000195       0x2d ./Core/Src/usart.o
 .debug_rnglists
                0x000001c2       0x19 ./Core/Startup/startup_stm32f103c8tx.o
 .debug_rnglists
                0x000001db       0xa3 ./Drivers/STM32F1xx_HAL_Driver/Src/stm32f1xx_hal.o
 .debug_rnglists
                0x0000027e       0xbb ./Drivers/STM32F1xx_HAL_Driver/Src/stm32f1xx_hal_cortex.o
 .debug_rnglists
                0x00000339       0x64 ./Drivers/STM32F1xx_HAL_Driver/Src/stm32f1xx_hal_dma.o
 .debug_rnglists
                0x0000039d       0x3f ./Drivers/STM32F1xx_HAL_Driver/Src/stm32f1xx_hal_gpio.o
 .debug_rnglists
                0x000003dc      0x23c ./Drivers/STM32F1xx_HAL_Driver/Src/stm32f1xx_hal_i2c.o
 .debug_rnglists
                0x00000618       0x6c ./Drivers/STM32F1xx_HAL_Driver/Src/stm32f1xx_hal_rcc.o
 .debug_rnglists
                0x00000684      0x16e ./Drivers/STM32F1xx_HAL_Driver/Src/stm32f1xx_hal_spi.o
 .debug_rnglists
                0x000007f2      0x31a ./Drivers/STM32F1xx_HAL_Driver/Src/stm32f1xx_hal_tim.o
 .debug_rnglists
                0x00000b0c      0x125 ./Drivers/STM32F1xx_HAL_Driver/Src/stm32f1xx_hal_tim_ex.o
 .debug_rnglists
                0x00000c31      0x1bc ./Drivers/STM32F1xx_HAL_Driver/Src/stm32f1xx_hal_uart.o

.debug_macro    0x00000000    0x18f03
 .debug_macro   0x00000000      0x1d0 ./Core/Src/dma.o
 .debug_macro   0x000001d0      0xaa8 ./Core/Src/dma.o
 .debug_macro   0x00000c78      0x22d ./Core/Src/dma.o
 .debug_macro   0x00000ea5       0x2e ./Core/Src/dma.o
 .debug_macro   0x00000ed3       0x22 ./Core/Src/dma.o
 .debug_macro   0x00000ef5       0x22 ./Core/Src/dma.o
 .debug_macro   0x00000f17       0x8e ./Core/Src/dma.o
 .debug_macro   0x00000fa5       0x51 ./Core/Src/dma.o
 .debug_macro   0x00000ff6      0x103 ./Core/Src/dma.o
 .debug_macro   0x000010f9       0x6a ./Core/Src/dma.o
 .debug_macro   0x00001163      0x1df ./Core/Src/dma.o
 .debug_macro   0x00001342       0x1c ./Core/Src/dma.o
 .debug_macro   0x0000135e       0x22 ./Core/Src/dma.o
 .debug_macro   0x00001380       0xbd ./Core/Src/dma.o
 .debug_macro   0x0000143d      0xd23 ./Core/Src/dma.o
 .debug_macro   0x00002160     0xe09e ./Core/Src/dma.o
 .debug_macro   0x000101fe       0x6d ./Core/Src/dma.o
 .debug_macro   0x0001026b     0x34a2 ./Core/Src/dma.o
 .debug_macro   0x0001370d      0x189 ./Core/Src/dma.o
 .debug_macro   0x00013896       0x5c ./Core/Src/dma.o
 .debug_macro   0x000138f2      0x5bc ./Core/Src/dma.o
 .debug_macro   0x00013eae      0x289 ./Core/Src/dma.o
 .debug_macro   0x00014137      0x1cb ./Core/Src/dma.o
 .debug_macro   0x00014302      0x114 ./Core/Src/dma.o
 .debug_macro   0x00014416      0x1b2 ./Core/Src/dma.o
 .debug_macro   0x000145c8       0x27 ./Core/Src/dma.o
 .debug_macro   0x000145ef      0x136 ./Core/Src/dma.o
 .debug_macro   0x00014725      0x1bc ./Core/Src/dma.o
 .debug_macro   0x000148e1       0x34 ./Core/Src/dma.o
 .debug_macro   0x00014915       0x3c ./Core/Src/dma.o
 .debug_macro   0x00014951       0x57 ./Core/Src/dma.o
 .debug_macro   0x000149a8       0x87 ./Core/Src/dma.o
 .debug_macro   0x00014a2f      0x240 ./Core/Src/dma.o
 .debug_macro   0x00014c6f      0x287 ./Core/Src/dma.o
 .debug_macro   0x00014ef6      0x140 ./Core/Src/dma.o
 .debug_macro   0x00015036      0x217 ./Core/Src/dma.o
 .debug_macro   0x0001524d      0x8ed ./Core/Src/dma.o
 .debug_macro   0x00015b3a      0x28e ./Core/Src/dma.o
 .debug_macro   0x00015dc8       0x83 ./Core/Src/dma.o
 .debug_macro   0x00015e4b       0x1c ./Core/Src/dma.o
 .debug_macro   0x00015e67      0x1d0 ./Core/Src/gpio.o
 .debug_macro   0x00016037      0x2c3 ./Core/Src/hardware.o
 .debug_macro   0x000162fa       0x58 ./Core/Src/hardware.o
 .debug_macro   0x00016352       0x24 ./Core/Src/hardware.o
 .debug_macro   0x00016376       0x61 ./Core/Src/hardware.o
 .debug_macro   0x000163d7       0x43 ./Core/Src/hardware.o
 .debug_macro   0x0001641a       0x34 ./Core/Src/hardware.o
 .debug_macro   0x0001644e       0x16 ./Core/Src/hardware.o
 .debug_macro   0x00016464       0x35 ./Core/Src/hardware.o
 .debug_macro   0x00016499       0x16 ./Core/Src/hardware.o
 .debug_macro   0x000164af       0x43 ./Core/Src/hardware.o
 .debug_macro   0x000164f2       0x34 ./Core/Src/hardware.o
 .debug_macro   0x00016526       0x10 ./Core/Src/hardware.o
 .debug_macro   0x00016536       0x58 ./Core/Src/hardware.o
 .debug_macro   0x0001658e       0x8e ./Core/Src/hardware.o
 .debug_macro   0x0001661c       0x1c ./Core/Src/hardware.o
 .debug_macro   0x00016638      0x177 ./Core/Src/hardware.o
 .debug_macro   0x000167af      0x369 ./Core/Src/hardware.o
 .debug_macro   0x00016b18       0x16 ./Core/Src/hardware.o
 .debug_macro   0x00016b2e       0x29 ./Core/Src/hardware.o
 .debug_macro   0x00016b57       0x1c ./Core/Src/hardware.o
 .debug_macro   0x00016b73      0x1d0 ./Core/Src/i2c.o
 .debug_macro   0x00016d43      0x304 ./Core/Src/main.o
 .debug_macro   0x00017047      0x1d0 ./Core/Src/spi.o
 .debug_macro   0x00017217      0x1c6 ./Core/Src/stm32f1xx_hal_msp.o
 .debug_macro   0x000173dd      0x1d0 ./Core/Src/stm32f1xx_it.o
 .debug_macro   0x000175ad      0x1b7 ./Core/Src/system_stm32f1xx.o
 .debug_macro   0x00017764      0x1d0 ./Core/Src/tim.o
 .debug_macro   0x00017934      0x1e0 ./Core/Src/timer.o
 .debug_macro   0x00017b14      0x1d0 ./Core/Src/usart.o
 .debug_macro   0x00017ce4      0x1db ./Drivers/STM32F1xx_HAL_Driver/Src/stm32f1xx_hal.o
 .debug_macro   0x00017ebf      0x1b7 ./Drivers/STM32F1xx_HAL_Driver/Src/stm32f1xx_hal_cortex.o
 .debug_macro   0x00018076      0x1b7 ./Drivers/STM32F1xx_HAL_Driver/Src/stm32f1xx_hal_dma.o
 .debug_macro   0x0001822d      0x222 ./Drivers/STM32F1xx_HAL_Driver/Src/stm32f1xx_hal_gpio.o
 .debug_macro   0x0001844f      0x205 ./Drivers/STM32F1xx_HAL_Driver/Src/stm32f1xx_hal_i2c.o
 .debug_macro   0x00018654      0x1c9 ./Drivers/STM32F1xx_HAL_Driver/Src/stm32f1xx_hal_rcc.o
 .debug_macro   0x0001881d      0x1bf ./Drivers/STM32F1xx_HAL_Driver/Src/stm32f1xx_hal_spi.o
 .debug_macro   0x000189dc      0x1b8 ./Drivers/STM32F1xx_HAL_Driver/Src/stm32f1xx_hal_tim.o
 .debug_macro   0x00018b94      0x1b7 ./Drivers/STM32F1xx_HAL_Driver/Src/stm32f1xx_hal_tim_ex.o
 .debug_macro   0x00018d4b      0x1b8 ./Drivers/STM32F1xx_HAL_Driver/Src/stm32f1xx_hal_uart.o

.debug_line     0x00000000    0x16e28
 .debug_line    0x00000000      0x726 ./Core/Src/dma.o
 .debug_line    0x00000726      0x747 ./Core/Src/gpio.o
 .debug_line    0x00000e6d      0xa90 ./Core/Src/hardware.o
 .debug_line    0x000018fd      0x790 ./Core/Src/i2c.o
 .debug_line    0x0000208d      0x971 ./Core/Src/main.o
 .debug_line    0x000029fe      0x844 ./Core/Src/spi.o
 .debug_line    0x00003242      0x72b ./Core/Src/stm32f1xx_hal_msp.o
 .debug_line    0x0000396d      0x865 ./Core/Src/stm32f1xx_it.o
 .debug_line    0x000041d2      0x7a9 ./Core/Src/system_stm32f1xx.o
 .debug_line    0x0000497b      0x798 ./Core/Src/tim.o
 .debug_line    0x00005113      0x7c9 ./Core/Src/timer.o
 .debug_line    0x000058dc      0x87d ./Core/Src/usart.o
 .debug_line    0x00006159       0x78 ./Core/Startup/startup_stm32f103c8tx.o
 .debug_line    0x000061d1      0x9d6 ./Drivers/STM32F1xx_HAL_Driver/Src/stm32f1xx_hal.o
 .debug_line    0x00006ba7      0xbc2 ./Drivers/STM32F1xx_HAL_Driver/Src/stm32f1xx_hal_cortex.o
 .debug_line    0x00007769      0xe2f ./Drivers/STM32F1xx_HAL_Driver/Src/stm32f1xx_hal_dma.o
 .debug_line    0x00008598      0xa6f ./Drivers/STM32F1xx_HAL_Driver/Src/stm32f1xx_hal_gpio.o
 .debug_line    0x00009007     0x3c73 ./Drivers/STM32F1xx_HAL_Driver/Src/stm32f1xx_hal_i2c.o
 .debug_line    0x0000cc7a      0xddf ./Drivers/STM32F1xx_HAL_Driver/Src/stm32f1xx_hal_rcc.o
 .debug_line    0x0000da59     0x1cfa ./Drivers/STM32F1xx_HAL_Driver/Src/stm32f1xx_hal_spi.o
 .debug_line    0x0000f753     0x34fb ./Drivers/STM32F1xx_HAL_Driver/Src/stm32f1xx_hal_tim.o
 .debug_line    0x00012c4e     0x1925 ./Drivers/STM32F1xx_HAL_Driver/Src/stm32f1xx_hal_tim_ex.o
 .debug_line    0x00014573     0x28b5 ./Drivers/STM32F1xx_HAL_Driver/Src/stm32f1xx_hal_uart.o

.debug_str      0x00000000    0x8e07d
 .debug_str     0x00000000    0x863a0 ./Core/Src/dma.o
                              0x86745 (size before relaxing)
 .debug_str     0x000863a0       0xbe ./Core/Src/gpio.o
                              0x864e7 (size before relaxing)
 .debug_str     0x0008645e     0x3cbe ./Core/Src/hardware.o
                              0x8a24a (size before relaxing)
 .debug_str     0x0008a11c       0x76 ./Core/Src/i2c.o
                              0x869a1 (size before relaxing)
 .debug_str     0x0008a192      0x201 ./Core/Src/main.o
                              0x89ec8 (size before relaxing)
 .debug_str     0x0008a393       0x88 ./Core/Src/spi.o
                              0x86c4f (size before relaxing)
 .debug_str     0x0008a41b       0x5a ./Core/Src/stm32f1xx_hal_msp.o
                              0x8646f (size before relaxing)
 .debug_str     0x0008a475      0x3e0 ./Core/Src/stm32f1xx_it.o
                              0x86dc1 (size before relaxing)
 .debug_str     0x0008a855       0x7e ./Core/Src/system_stm32f1xx.o
                              0x86434 (size before relaxing)
 .debug_str     0x0008a8d3      0x13c ./Core/Src/tim.o
                              0x86d90 (size before relaxing)
 .debug_str     0x0008aa0f       0x7b ./Core/Src/timer.o
                              0x86923 (size before relaxing)
 .debug_str     0x0008aa8a       0x51 ./Core/Src/usart.o
                              0x86c80 (size before relaxing)
 .debug_str     0x0008aadb       0x44 ./Core/Startup/startup_stm32f103c8tx.o
                                 0x70 (size before relaxing)
 .debug_str     0x0008ab1f      0x37a ./Drivers/STM32F1xx_HAL_Driver/Src/stm32f1xx_hal.o
                              0x86b67 (size before relaxing)
 .debug_str     0x0008ae99      0x294 ./Drivers/STM32F1xx_HAL_Driver/Src/stm32f1xx_hal_cortex.o
                              0x86ab3 (size before relaxing)
 .debug_str     0x0008b12d      0x206 ./Drivers/STM32F1xx_HAL_Driver/Src/stm32f1xx_hal_dma.o
                              0x867dd (size before relaxing)
 .debug_str     0x0008b333      0x2e1 ./Drivers/STM32F1xx_HAL_Driver/Src/stm32f1xx_hal_gpio.o
                              0x867ba (size before relaxing)
 .debug_str     0x0008b614      0xba2 ./Drivers/STM32F1xx_HAL_Driver/Src/stm32f1xx_hal_i2c.o
                              0x874fb (size before relaxing)
 .debug_str     0x0008c1b6      0x209 ./Drivers/STM32F1xx_HAL_Driver/Src/stm32f1xx_hal_rcc.o
                              0x86863 (size before relaxing)
 .debug_str     0x0008c3bf      0x4c2 ./Drivers/STM32F1xx_HAL_Driver/Src/stm32f1xx_hal_spi.o
                              0x86d5a (size before relaxing)
 .debug_str     0x0008c881      0xdb3 ./Drivers/STM32F1xx_HAL_Driver/Src/stm32f1xx_hal_tim.o
                              0x87865 (size before relaxing)
 .debug_str     0x0008d634      0x493 ./Drivers/STM32F1xx_HAL_Driver/Src/stm32f1xx_hal_tim_ex.o
                              0x87071 (size before relaxing)
 .debug_str     0x0008dac7      0x5b6 ./Drivers/STM32F1xx_HAL_Driver/Src/stm32f1xx_hal_uart.o
                              0x86ed4 (size before relaxing)

.comment        0x00000000       0x43
 .comment       0x00000000       0x43 ./Core/Src/dma.o
                                 0x44 (size before relaxing)
 .comment       0x00000043       0x44 ./Core/Src/gpio.o
 .comment       0x00000043       0x44 ./Core/Src/hardware.o
 .comment       0x00000043       0x44 ./Core/Src/i2c.o
 .comment       0x00000043       0x44 ./Core/Src/main.o
 .comment       0x00000043       0x44 ./Core/Src/spi.o
 .comment       0x00000043       0x44 ./Core/Src/stm32f1xx_hal_msp.o
 .comment       0x00000043       0x44 ./Core/Src/stm32f1xx_it.o
 .comment       0x00000043       0x44 ./Core/Src/system_stm32f1xx.o
 .comment       0x00000043       0x44 ./Core/Src/tim.o
 .comment       0x00000043       0x44 ./Core/Src/timer.o
 .comment       0x00000043       0x44 ./Core/Src/usart.o
 .comment       0x00000043       0x44 ./Drivers/STM32F1xx_HAL_Driver/Src/stm32f1xx_hal.o
 .comment       0x00000043       0x44 ./Drivers/STM32F1xx_HAL_Driver/Src/stm32f1xx_hal_cortex.o
 .comment       0x00000043       0x44 ./Drivers/STM32F1xx_HAL_Driver/Src/stm32f1xx_hal_dma.o
 .comment       0x00000043       0x44 ./Drivers/STM32F1xx_HAL_Driver/Src/stm32f1xx_hal_gpio.o
 .comment       0x00000043       0x44 ./Drivers/STM32F1xx_HAL_Driver/Src/stm32f1xx_hal_i2c.o
 .comment       0x00000043       0x44 ./Drivers/STM32F1xx_HAL_Driver/Src/stm32f1xx_hal_rcc.o
 .comment       0x00000043       0x44 ./Drivers/STM32F1xx_HAL_Driver/Src/stm32f1xx_hal_spi.o
 .comment       0x00000043       0x44 ./Drivers/STM32F1xx_HAL_Driver/Src/stm32f1xx_hal_tim.o
 .comment       0x00000043       0x44 ./Drivers/STM32F1xx_HAL_Driver/Src/stm32f1xx_hal_tim_ex.o
 .comment       0x00000043       0x44 ./Drivers/STM32F1xx_HAL_Driver/Src/stm32f1xx_hal_uart.o

.debug_frame    0x00000000     0x49b0
 .debug_frame   0x00000000       0x34 ./Core/Src/dma.o
 .debug_frame   0x00000034       0x34 ./Core/Src/gpio.o
 .debug_frame   0x00000068       0xcc ./Core/Src/hardware.o
 .debug_frame   0x00000134       0x74 ./Core/Src/i2c.o
 .debug_frame   0x000001a8       0x6c ./Core/Src/main.o
 .debug_frame   0x00000214       0x90 ./Core/Src/spi.o
 .debug_frame   0x000002a4       0x38 ./Core/Src/stm32f1xx_hal_msp.o
 .debug_frame   0x000002dc      0x190 ./Core/Src/stm32f1xx_it.o
 .debug_frame   0x0000046c       0x58 ./Core/Src/system_stm32f1xx.o
 .debug_frame   0x000004c4       0x7c ./Core/Src/tim.o
 .debug_frame   0x00000540       0xd4 ./Core/Src/timer.o
 .debug_frame   0x00000614       0xac ./Core/Src/usart.o
 .debug_frame   0x000006c0      0x334 ./Drivers/STM32F1xx_HAL_Driver/Src/stm32f1xx_hal.o
 .debug_frame   0x000009f4      0x428 ./Drivers/STM32F1xx_HAL_Driver/Src/stm32f1xx_hal_cortex.o
 .debug_frame   0x00000e1c      0x208 ./Drivers/STM32F1xx_HAL_Driver/Src/stm32f1xx_hal_dma.o
 .debug_frame   0x00001024      0x14c ./Drivers/STM32F1xx_HAL_Driver/Src/stm32f1xx_hal_gpio.o
 .debug_frame   0x00001170      0xc84 ./Drivers/STM32F1xx_HAL_Driver/Src/stm32f1xx_hal_i2c.o
 .debug_frame   0x00001df4      0x218 ./Drivers/STM32F1xx_HAL_Driver/Src/stm32f1xx_hal_rcc.o
 .debug_frame   0x0000200c      0x824 ./Drivers/STM32F1xx_HAL_Driver/Src/stm32f1xx_hal_spi.o
 .debug_frame   0x00002830     0x11b8 ./Drivers/STM32F1xx_HAL_Driver/Src/stm32f1xx_hal_tim.o
 .debug_frame   0x000039e8      0x638 ./Drivers/STM32F1xx_HAL_Driver/Src/stm32f1xx_hal_tim_ex.o
 .debug_frame   0x00004020      0x944 ./Drivers/STM32F1xx_HAL_Driver/Src/stm32f1xx_hal_uart.o
 .debug_frame   0x00004964       0x20 C:/ST/STM32CubeIDE_1.17.0/STM32CubeIDE/plugins/com.st.stm32cube.ide.mcu.externaltools.gnu-tools-for-stm32.12.3.rel1.win32_1.1.0.202410251130/tools/bin/../lib/gcc/arm-none-eabi/12.3.1/../../../../arm-none-eabi/lib/thumb/v7-m/nofp\libc_nano.a(libc_a-memset.o)
 .debug_frame   0x00004984       0x2c C:/ST/STM32CubeIDE_1.17.0/STM32CubeIDE/plugins/com.st.stm32cube.ide.mcu.externaltools.gnu-tools-for-stm32.12.3.rel1.win32_1.1.0.202410251130/tools/bin/../lib/gcc/arm-none-eabi/12.3.1/../../../../arm-none-eabi/lib/thumb/v7-m/nofp\libc_nano.a(libc_a-init.o)

.debug_line_str
                0x00000000       0x54
 .debug_line_str
                0x00000000       0x54 ./Core/Startup/startup_stm32f103c8tx.o
